/home/ChathuraRupasinghe/Documents/Dep9/phase-4/library-management-system/back-end/src/main/java/lk/ijse/dep9/api/TempServlet.java
/home/ChathuraRupasinghe/Documents/Dep9/phase-4/library-management-system/back-end/src/main/java/lk/ijse/dep9/api/util/tempServlet.java
/home/ChathuraRupasinghe/Documents/Dep9/phase-4/library-management-system/back-end/src/main/java/lk/ijse/dep9/db/ConnectionPool.java
/home/ChathuraRupasinghe/Documents/Dep9/phase-4/library-management-system/back-end/src/main/java/lk/ijse/dep9/api/ReturnNoteServlet.java
/home/ChathuraRupasinghe/Documents/Dep9/phase-4/library-management-system/back-end/src/main/java/lk/ijse/dep9/api/IssueNoteServlet.java
/home/ChathuraRupasinghe/Documents/Dep9/phase-4/library-management-system/back-end/src/main/java/lk/ijse/dep9/api/MemberServlet.java
/home/ChathuraRupasinghe/Documents/Dep9/phase-4/library-management-system/back-end/src/main/java/lk/ijse/dep9/dto/MemberDTO.java
/home/ChathuraRupasinghe/Documents/Dep9/phase-4/library-management-system/back-end/src/main/java/lk/ijse/dep9/api/util/HttpServlet2.java
/home/ChathuraRupasinghe/Documents/Dep9/phase-4/library-management-system/back-end/src/main/java/lk/ijse/dep9/api/BookServlet.java
/home/ChathuraRupasinghe/Documents/Dep9/phase-4/library-management-system/back-end/src/main/java/lk/ijse/dep9/listner/ContextListner.java
